1.000000000000e+01	3.765594254153e-03	9.981154270654e-01	9.981154270654e-01	
