1.000000000000e+01	3.246379609399e-02	1.517179908622e-01	1.517179908622e-01	
